c:\Users\max_chad\Mus
ic\transcriber\.venv\
Scripts\python.exe : 
C:\Users\max_chad\Mus
ic\transcriber\.venv\
Lib\site-packages\tor
ch\backends\__init__.
py:46: UserWarning: P
lease use the new API
 settings to control 
TF32 behavior, such a
s torch.backends.cudn
n.conv.fp32_precision
 = 'tf32' or torch.ba
ckends.cuda.matmul.fp
32_precision = 'ieee'
. Old settings, e.g, 
torch.backends.cuda.m
atmul.allow_tf32 = Tr
ue, torch.backends.cu
dnn.allow_tf32 = True
, allowTF32CuDNN() an
d allowTF32CuBLAS() w
ill be deprecated aft
er Pytorch 2.9. Pleas
e see https://pytorch
.org/docs/main/notes/
cuda.html#tensorfloat
-32-tf32-on-ampere-an
d-later-devices (Trig
gered internally at C
:\actions-runner\_wor
k\pytorch\pytorch\pyt
orch\aten\src\ATen\Co
ntext.cpp:85.)
строка:1 знак:32
+ ... NG='utf-8'; c:\
Users\max_chad\Music\
transcriber\.venv\Scr
ipts\python. ...
+                 ~~~
~~~~~~~~~~~~~~~~~~~~~
~~~~~~~~~~~~~~~~~~~~~
~~~~~~~~~~~~
    + CategoryInfo   
           : NotSpe  
  cified: (C:\User   
 s\max_ch...ontex    
t.cpp:85.):Strin    g
) [], RemoteExc    ep
tion
    + FullyQualified 
   ErrorId : Native  
  CommandError
 
  self.setter(val)
.EEEEE
=====================
=====================
=====================
=======
ERROR: test_get_optim
al_compute_type_ada (
tests.test_gpu_optimi
zation.TestGPUOptimiz
ation.test_get_optima
l_compute_type_ada)
---------------------
---------------------
---------------------
-------
Traceback (most recen
t call last):
  File "C:\Users\max_
chad\AppData\Local\Pr
ograms\Python\Python3
11\Lib\unittest\mock.
py", line 1372, in pa
tched
    with self.decorat
ion_helper(patched,
  File "C:\Users\max_
chad\AppData\Local\Pr
ograms\Python\Python3
11\Lib\contextlib.py"
, line 137, in __ente
r__
    return next(self.
gen)
           ^^^^^^^^^^
^^^^
  File "C:\Users\max_
chad\AppData\Local\Pr
ograms\Python\Python3
11\Lib\unittest\mock.
py", line 1354, in de
coration_helper
    arg = exit_stack.
enter_context(patchin
g)
          ^^^^^^^^^^^
^^^^^^^^^^^^^^^^^^^^^
^^
  File "C:\Users\max_
chad\AppData\Local\Pr
ograms\Python\Python3
11\Lib\contextlib.py"
, line 505, in enter_
context
    result = _enter(c
m)
             ^^^^^^^^
^^
  File "C:\Users\max_
chad\AppData\Local\Pr
ograms\Python\Python3
11\Lib\unittest\mock.
py", line 1443, in __
enter__
    original, local =
 self.get_original()
                     
 ^^^^^^^^^^^^^^^^^^^
  File "C:\Users\max_
chad\AppData\Local\Pr
ograms\Python\Python3
11\Lib\unittest\mock.
py", line 1416, in ge
t_original
    raise AttributeEr
ror(
AttributeError: <modu
le 'app.gpu_detection
' from 'C:\\Users\\ma
x_chad\\Music\\transc
riber\\app\\gpu_detec
tion.py'> does not ha
ve the attribute 'tor
ch'

=====================
=====================
=====================
=======
ERROR: test_get_optim
al_compute_type_amper
e (tests.test_gpu_opt
imization.TestGPUOpti
mization.test_get_opt
imal_compute_type_amp
ere)
---------------------
---------------------
---------------------
-------
Traceback (most recen
t call last):
  File "C:\Users\max_
chad\AppData\Local\Pr
ograms\Python\Python3
11\Lib\unittest\mock.
py", line 1372, in pa
tched
    with self.decorat
ion_helper(patched,
  File "C:\Users\max_
chad\AppData\Local\Pr
ograms\Python\Python3
11\Lib\contextlib.py"
, line 137, in __ente
r__
    return next(self.
gen)
           ^^^^^^^^^^
^^^^
  File "C:\Users\max_
chad\AppData\Local\Pr
ograms\Python\Python3
11\Lib\unittest\mock.
py", line 1354, in de
coration_helper
    arg = exit_stack.
enter_context(patchin
g)
          ^^^^^^^^^^^
^^^^^^^^^^^^^^^^^^^^^
^^
  File "C:\Users\max_
chad\AppData\Local\Pr
ograms\Python\Python3
11\Lib\contextlib.py"
, line 505, in enter_
context
    result = _enter(c
m)
             ^^^^^^^^
^^
  File "C:\Users\max_
chad\AppData\Local\Pr
ograms\Python\Python3
11\Lib\unittest\mock.
py", line 1443, in __
enter__
    original, local =
 self.get_original()
                     
 ^^^^^^^^^^^^^^^^^^^
  File "C:\Users\max_
chad\AppData\Local\Pr
ograms\Python\Python3
11\Lib\unittest\mock.
py", line 1416, in ge
t_original
    raise AttributeEr
ror(
AttributeError: <modu
le 'app.gpu_detection
' from 'C:\\Users\\ma
x_chad\\Music\\transc
riber\\app\\gpu_detec
tion.py'> does not ha
ve the attribute 'tor
ch'

=====================
=====================
=====================
=======
ERROR: test_get_optim
al_compute_type_no_cu
da (tests.test_gpu_op
timization.TestGPUOpt
imization.test_get_op
timal_compute_type_no
_cuda)
---------------------
---------------------
---------------------
-------
Traceback (most recen
t call last):
  File "C:\Users\max_
chad\AppData\Local\Pr
ograms\Python\Python3
11\Lib\unittest\mock.
py", line 1372, in pa
tched
    with self.decorat
ion_helper(patched,
  File "C:\Users\max_
chad\AppData\Local\Pr
ograms\Python\Python3
11\Lib\contextlib.py"
, line 137, in __ente
r__
    return next(self.
gen)
           ^^^^^^^^^^
^^^^
  File "C:\Users\max_
chad\AppData\Local\Pr
ograms\Python\Python3
11\Lib\unittest\mock.
py", line 1354, in de
coration_helper
    arg = exit_stack.
enter_context(patchin
g)
          ^^^^^^^^^^^
^^^^^^^^^^^^^^^^^^^^^
^^
  File "C:\Users\max_
chad\AppData\Local\Pr
ograms\Python\Python3
11\Lib\contextlib.py"
, line 505, in enter_
context
    result = _enter(c
m)
             ^^^^^^^^
^^
  File "C:\Users\max_
chad\AppData\Local\Pr
ograms\Python\Python3
11\Lib\unittest\mock.
py", line 1443, in __
enter__
    original, local =
 self.get_original()
                     
 ^^^^^^^^^^^^^^^^^^^
  File "C:\Users\max_
chad\AppData\Local\Pr
ograms\Python\Python3
11\Lib\unittest\mock.
py", line 1416, in ge
t_original
    raise AttributeEr
ror(
AttributeError: <modu
le 'app.gpu_detection
' from 'C:\\Users\\ma
x_chad\\Music\\transc
riber\\app\\gpu_detec
tion.py'> does not ha
ve the attribute 'tor
ch'

=====================
=====================
=====================
=======
ERROR: test_get_optim
al_compute_type_pasca
l (tests.test_gpu_opt
imization.TestGPUOpti
mization.test_get_opt
imal_compute_type_pas
cal)
---------------------
---------------------
---------------------
-------
Traceback (most recen
t call last):
  File "C:\Users\max_
chad\AppData\Local\Pr
ograms\Python\Python3
11\Lib\unittest\mock.
py", line 1372, in pa
tched
    with self.decorat
ion_helper(patched,
  File "C:\Users\max_
chad\AppData\Local\Pr
ograms\Python\Python3
11\Lib\contextlib.py"
, line 137, in __ente
r__
    return next(self.
gen)
           ^^^^^^^^^^
^^^^
  File "C:\Users\max_
chad\AppData\Local\Pr
ograms\Python\Python3
11\Lib\unittest\mock.
py", line 1354, in de
coration_helper
    arg = exit_stack.
enter_context(patchin
g)
          ^^^^^^^^^^^
^^^^^^^^^^^^^^^^^^^^^
^^
  File "C:\Users\max_
chad\AppData\Local\Pr
ograms\Python\Python3
11\Lib\contextlib.py"
, line 505, in enter_
context
    result = _enter(c
m)
             ^^^^^^^^
^^
  File "C:\Users\max_
chad\AppData\Local\Pr
ograms\Python\Python3
11\Lib\unittest\mock.
py", line 1443, in __
enter__
    original, local =
 self.get_original()
                     
 ^^^^^^^^^^^^^^^^^^^
  File "C:\Users\max_
chad\AppData\Local\Pr
ograms\Python\Python3
11\Lib\unittest\mock.
py", line 1416, in ge
t_original
    raise AttributeEr
ror(
AttributeError: <modu
le 'app.gpu_detection
' from 'C:\\Users\\ma
x_chad\\Music\\transc
riber\\app\\gpu_detec
tion.py'> does not ha
ve the attribute 'tor
ch'

=====================
=====================
=====================
=======
ERROR: test_get_optim
al_compute_type_turin
g (tests.test_gpu_opt
imization.TestGPUOpti
mization.test_get_opt
imal_compute_type_tur
ing)
---------------------
---------------------
---------------------
-------
Traceback (most recen
t call last):
  File "C:\Users\max_
chad\AppData\Local\Pr
ograms\Python\Python3
11\Lib\unittest\mock.
py", line 1372, in pa
tched
    with self.decorat
ion_helper(patched,
  File "C:\Users\max_
chad\AppData\Local\Pr
ograms\Python\Python3
11\Lib\contextlib.py"
, line 137, in __ente
r__
    return next(self.
gen)
           ^^^^^^^^^^
^^^^
  File "C:\Users\max_
chad\AppData\Local\Pr
ograms\Python\Python3
11\Lib\unittest\mock.
py", line 1354, in de
coration_helper
    arg = exit_stack.
enter_context(patchin
g)
          ^^^^^^^^^^^
^^^^^^^^^^^^^^^^^^^^^
^^
  File "C:\Users\max_
chad\AppData\Local\Pr
ograms\Python\Python3
11\Lib\contextlib.py"
, line 505, in enter_
context
    result = _enter(c
m)
             ^^^^^^^^
^^
  File "C:\Users\max_
chad\AppData\Local\Pr
ograms\Python\Python3
11\Lib\unittest\mock.
py", line 1443, in __
enter__
    original, local =
 self.get_original()
                     
 ^^^^^^^^^^^^^^^^^^^
  File "C:\Users\max_
chad\AppData\Local\Pr
ograms\Python\Python3
11\Lib\unittest\mock.
py", line 1416, in ge
t_original
    raise AttributeEr
ror(
AttributeError: <modu
le 'app.gpu_detection
' from 'C:\\Users\\ma
x_chad\\Music\\transc
riber\\app\\gpu_detec
tion.py'> does not ha
ve the attribute 'tor
ch'

---------------------
---------------------
---------------------
-------
Ran 6 tests in 0.098s

FAILED (errors=5)
