7 != 5 : Default Logic Failed: Expected 5 clusters, got 7